=======================================
test: eof
---------------------------------------

---------------------------------------
:1.0-1.0 Parser.EOF
=======================================
test: spaces
---------------------------------------
  	


  
---------------------------------------
:4.2-4.2 Parser.EOF
=======================================
test: integer literals
---------------------------------------
0 1342 -56 +32 98fim 139015.007
---------------------------------------
:1.0-1.1 (Parser.INT 0)
:1.2-1.6 (Parser.INT 1342)
:1.7-1.8 Parser.MINUS
:1.8-1.10 (Parser.INT 56)
:1.11-1.12 Parser.PLUS
:1.12-1.14 (Parser.INT 32)
:1.15-1.17 (Parser.INT 98)
:1.17-1.20 (Parser.ID "fim")
:1.21-1.27 (Parser.INT 139015)
:1.27-1.28 Parser.DOT
:1.28-1.31 (Parser.INT 7)
:1.31-1.31 Parser.EOF
=======================================
test: string literals
---------------------------------------
"text" "abc\tEND!"
---------------------------------------
:1.0-1.6 (Parser.STR "text")
:1.7-1.18 (Parser.STR "abc\tEND!")
:1.18-1.18 Parser.EOF
=======================================
test: string literals
---------------------------------------
"tab \t; nl \n; quote \"; slash \\; control i \^I; 065 A; empty \  	 \;"
---------------------------------------
:1.0-1.72 (Parser.STR "tab \t; nl \n; quote \"; slash \\; control i \t; 065 A; empty ;")
:1.72-1.72 Parser.EOF
=======================================
test: identifier
---------------------------------------
altura
---------------------------------------
:1.0-1.6 (Parser.ID "altura")
:1.6-1.6 Parser.EOF
=======================================
test: comment
---------------------------------------
/* ignore me */
---------------------------------------
:1.15-1.15 Parser.EOF
=======================================
test: nested comments
---------------------------------------
/* level 1
 /* level 2
  /* level 3 */ level 2 /* level 3 */
 level 2 */ level 1 */
---------------------------------------
:4.22-4.22 Parser.EOF
